// Jest Snapshot v1, https://goo.gl/fbAQLP

exports[`Badge dot 1`] = `"<span class="fect-badge fect-badge--default dot" style="--badge-color: #fff; --badge-bg-color: #000; --badge-font-size: calc(0.875 * 16px); --badge-width: auto; --badge-height: auto; --badge-pt: calc(0.25 * 16px); --badge-pr: calc(0.4375 * 16px); --badge-pb: calc(0.25 * 16px); --badge-pl: calc(0.4375 * 16px); --badge-mt: 0; --badge-mr: 0; --badge-mb: 0; --badge-ml: 0; --badge-dot-px: calc(0.25 * 16px); --badge-dot-py: calc(0.25 * 16px);"></span>"`;

exports[`Badge type 1`] = `"<div><span class="fect-badge fect-badge--default" style="--badge-color: #fff; --badge-bg-color: #000; --badge-font-size: calc(0.7291666666666666 * 16px); --badge-width: auto; --badge-height: auto; --badge-pt: calc(0.20833333333333331 * 16px); --badge-pr: calc(0.3645833333333333 * 16px); --badge-pb: calc(0.20833333333333331 * 16px); --badge-pl: calc(0.3645833333333333 * 16px); --badge-mt: 0; --badge-mr: 0; --badge-mb: 0; --badge-ml: 0; --badge-dot-px: calc(0.20833333333333331 * 16px); --badge-dot-py: calc(0.20833333333333331 * 16px);"><!----></span><span class="fect-badge fect-badge--secondary" style="--badge-color: white; --badge-bg-color: #666; --badge-font-size: calc(0.875 * 16px); --badge-width: auto; --badge-height: auto; --badge-pt: calc(0.25 * 16px); --badge-pr: calc(0.4375 * 16px); --badge-pb: calc(0.25 * 16px); --badge-pl: calc(0.4375 * 16px); --badge-mt: 0; --badge-mr: 0; --badge-mb: 0; --badge-ml: 0; --badge-dot-px: calc(0.25 * 16px); --badge-dot-py: calc(0.25 * 16px);"><!----></span><span class="fect-badge fect-badge--success" style="--badge-color: white; --badge-bg-color: #0070f3; --badge-font-size: calc(0.875 * 16px); --badge-width: auto; --badge-height: auto; --badge-pt: calc(0.25 * 16px); --badge-pr: calc(0.4375 * 16px); --badge-pb: calc(0.25 * 16px); --badge-pl: calc(0.4375 * 16px); --badge-mt: 0; --badge-mr: 0; --badge-mb: 0; --badge-ml: 0; --badge-dot-px: calc(0.25 * 16px); --badge-dot-py: calc(0.25 * 16px);"><!----></span><span class="fect-badge fect-badge--warning" style="--badge-color: white; --badge-bg-color: #f5a623; --badge-font-size: calc(0.875 * 16px); --badge-width: auto; --badge-height: auto; --badge-pt: calc(0.25 * 16px); --badge-pr: calc(0.4375 * 16px); --badge-pb: calc(0.25 * 16px); --badge-pl: calc(0.4375 * 16px); --badge-mt: 0; --badge-mr: 0; --badge-mb: 0; --badge-ml: 0; --badge-dot-px: calc(0.25 * 16px); --badge-dot-py: calc(0.25 * 16px);"><!----></span><span class="fect-badge fect-badge--error" style="--badge-color: white; --badge-bg-color: #e00; --badge-font-size: calc(0.875 * 16px); --badge-width: auto; --badge-height: auto; --badge-pt: calc(0.25 * 16px); --badge-pr: calc(0.4375 * 16px); --badge-pb: calc(0.25 * 16px); --badge-pl: calc(0.4375 * 16px); --badge-mt: 0; --badge-mr: 0; --badge-mb: 0; --badge-ml: 0; --badge-dot-px: calc(0.25 * 16px); --badge-dot-py: calc(0.25 * 16px);"><!----></span></div>"`;
