// Jest Snapshot v1, https://goo.gl/fbAQLP

exports[`Breadcrumbs should be support different sizes 1`] = `
<nav class="fect-breadcrumbs" style="font-size: 12px;"> {idx} </nav>
<nav class="fect-breadcrumbs" style="font-size: 14px;"> {idx} </nav>
<nav class="fect-breadcrumbs" style="font-size: 16px;"> {idx} </nav>
<nav class="fect-breadcrumbs" style="font-size: 18px;"> {idx} </nav>
`;
