// Jest Snapshot v1, https://goo.gl/fbAQLP

exports[`Breadcrumbs should be support different sizes 1`] = `
<nav class="fect-breadcrumbs fect-breadcrumbs--mini">0</nav>
<nav class="fect-breadcrumbs fect-breadcrumbs--small">1</nav>
<nav class="fect-breadcrumbs fect-breadcrumbs--medium">2</nav>
<nav class="fect-breadcrumbs fect-breadcrumbs--large">3</nav>
`;
