// Jest Snapshot v1, https://goo.gl/fbAQLP

exports[`ImageBrowser if the URL address is incorrect, the original value is displayed 1`] = `
"<div classs="container">
  <div class="fect-browser" style="--browser-shadow: 0 30px 60px rgba(0, 0, 0, 0.12); --browser-radius: 6px; --browser-gap-half: 8pt; --browser-color: #000; --browser-bar-bg-color: #fff; --browser-border: #eaeaea; --browser-input-bg-color: #fafafa; --browser-title-color: #666; --browser-font-size: calc(1 * 16px); --browser-width: max-content; --browser-height: auto; --browser-pt: 0; --browser-pr: 0; --browser-pb: 0; --browser-pl: 0; --browser-mt: 0; --browser-mr: auto; --browser-mb: 0; --browser-ml: auto;">
    <header class="fect-browser__traffic">
      <div class="traffic__content"><span class="close" role="browser-close"></span><span class="mini" role="browser-mini"></span><span class="full" role="browser-full"></span></div>
      <div class="fect-browser__input"><span class="https"><svg width="12" height="12" viewBox="0 0 24 24" fill="currentColor"><path d="M5 10.2H19V21H5V10.2Z"></path><path fill-rule="evenodd" clip-rule="evenodd" d="M12 12C13.933 12 15.5 10.3882 15.5 8.4C15.5 6.41177 13.933 4.8 12 4.8C10.067 4.8 8.5 6.41177 8.5 8.4C8.5 10.3882 10.067 12 12 12ZM12 13.8C14.8995 13.8 17.25 11.3823 17.25 8.4C17.25 5.41766 14.8995 3 12 3C9.10051 3 6.75 5.41766 6.75 8.4C6.75 11.3823 9.10051 13.8 12 13.8Z"></path></svg></span><a class="fect-link" style="--link-color: inherit; --link-hover-color: inherit; --link-radius: 6px; --link-bg-color: rgba(0, 112, 243, 0.1); --link-font-size: inherit; --link-width: fit-content; --link-height: auto; --link-pt: 0; --link-pr: 0; --link-pb: 0; --link-pl: 0; --link-mt: 0; --link-mr: 0; --link-mb: 0; --link-ml: 0; --link-block-pt: calc(0.268 * 16px); --link-block-pr: calc(0.5625 * 16px); --link-block-pb: calc(0.268 * 16px); --link-block-pl: calc(0.5625 * 16px);" href="123"></a></div>
    </header>
    <div class="fect-image" style="--image-radius: 6px; --image-width: 540px; --image-height: 246px; --image-pt: 0; --image-pr: 0; --image-pb: 0; --image-pl: 0; --image-mt: 0; --image-mr: 0; --image-mb: 0; --image-ml: 0;"><img src=""></div>
  </div>
</div>"
`;

exports[`ImageBrowser should be support invert and showFullLink 1`] = `
"<div classs="container">
  <div class="fect-browser fect-browser--invert" style="--browser-shadow: 0 30px 60px rgba(0, 0, 0, 0.12); --browser-radius: 6px; --browser-gap-half: 8pt; --browser-color: #fff; --browser-bar-bg-color: #000; --browser-border: #333; --browser-input-bg-color: #111; --browser-title-color: #eaeaea; --browser-font-size: calc(1 * 16px); --browser-width: max-content; --browser-height: auto; --browser-pt: 0; --browser-pr: 0; --browser-pb: 0; --browser-pl: 0; --browser-mt: 0; --browser-mr: auto; --browser-mb: 0; --browser-ml: auto;">
    <header class="fect-browser__traffic">
      <div class="traffic__content"><span class="close" role="browser-close"></span><span class="mini" role="browser-mini"></span><span class="full" role="browser-full"></span></div>
      <div class="fect-browser__input"><span class="https"><svg width="12" height="12" viewBox="0 0 24 24" fill="currentColor"><path d="M5 10.2H19V21H5V10.2Z"></path><path fill-rule="evenodd" clip-rule="evenodd" d="M12 12C13.933 12 15.5 10.3882 15.5 8.4C15.5 6.41177 13.933 4.8 12 4.8C10.067 4.8 8.5 6.41177 8.5 8.4C8.5 10.3882 10.067 12 12 12ZM12 13.8C14.8995 13.8 17.25 11.3823 17.25 8.4C17.25 5.41766 14.8995 3 12 3C9.10051 3 6.75 5.41766 6.75 8.4C6.75 11.3823 9.10051 13.8 12 13.8Z"></path></svg></span><a class="fect-link" style="--link-color: inherit; --link-hover-color: inherit; --link-radius: 6px; --link-bg-color: rgba(0, 112, 243, 0.1); --link-font-size: inherit; --link-width: fit-content; --link-height: auto; --link-pt: 0; --link-pr: 0; --link-pb: 0; --link-pl: 0; --link-mt: 0; --link-mr: 0; --link-mb: 0; --link-ml: 0; --link-block-pt: calc(0.268 * 16px); --link-block-pr: calc(0.5625 * 16px); --link-block-pb: calc(0.268 * 16px); --link-block-pl: calc(0.5625 * 16px);" href="https://www.fect-org.com/">https://www.fect-org.com/</a></div>
    </header>
    <div class="fect-image" style="--image-radius: 6px; --image-width: 540px; --image-height: 246px; --image-pt: 0; --image-pr: 0; --image-pb: 0; --image-pl: 0; --image-mt: 0; --image-mr: 0; --image-mb: 0; --image-ml: 0;"><img src=""></div>
  </div>
</div>"
`;

exports[`ImageBrowser should only render title when without url 1`] = `
"<div classs="container">
  <div class="fect-browser" style="--browser-shadow: 0 30px 60px rgba(0, 0, 0, 0.12); --browser-radius: 6px; --browser-gap-half: 8pt; --browser-color: #000; --browser-bar-bg-color: #fff; --browser-border: #eaeaea; --browser-input-bg-color: #fafafa; --browser-title-color: #666; --browser-font-size: calc(1 * 16px); --browser-width: max-content; --browser-height: auto; --browser-pt: 0; --browser-pr: 0; --browser-pb: 0; --browser-pl: 0; --browser-mt: 0; --browser-mr: auto; --browser-mb: 0; --browser-ml: auto;">
    <header class="fect-browser__traffic">
      <div class="traffic__content"><span class="close" role="browser-close"></span><span class="mini" role="browser-mini"></span><span class="full" role="browser-full"></span></div>
      <div class="fect-browser__title"><span>Fect</span></div>
    </header>
    <div class="fect-image" style="--image-radius: 6px; --image-width: 540px; --image-height: 246px; --image-pt: 0; --image-pr: 0; --image-pb: 0; --image-pl: 0; --image-mt: 0; --image-mr: 0; --image-mb: 0; --image-ml: 0;"><img src=""></div>
  </div>
</div>"
`;

exports[`ImageBrowser should render as a element 1`] = `
"<div classs="container">
  <div class="fect-browser" style="--browser-shadow: 0 30px 60px rgba(0, 0, 0, 0.12); --browser-radius: 6px; --browser-gap-half: 8pt; --browser-color: #000; --browser-bar-bg-color: #fff; --browser-border: #eaeaea; --browser-input-bg-color: #fafafa; --browser-title-color: #666; --browser-font-size: calc(1 * 16px); --browser-width: max-content; --browser-height: auto; --browser-pt: 0; --browser-pr: 0; --browser-pb: 0; --browser-pl: 0; --browser-mt: 0; --browser-mr: auto; --browser-mb: 0; --browser-ml: auto;">
    <header class="fect-browser__traffic">
      <div class="traffic__content"><span class="close" role="browser-close"></span><span class="mini" role="browser-mini"></span><span class="full" role="browser-full"></span></div>
      <div class="fect-browser__input"><span class="https"><svg width="12" height="12" viewBox="0 0 24 24" fill="currentColor"><path d="M5 10.2H19V21H5V10.2Z"></path><path fill-rule="evenodd" clip-rule="evenodd" d="M12 12C13.933 12 15.5 10.3882 15.5 8.4C15.5 6.41177 13.933 4.8 12 4.8C10.067 4.8 8.5 6.41177 8.5 8.4C8.5 10.3882 10.067 12 12 12ZM12 13.8C14.8995 13.8 17.25 11.3823 17.25 8.4C17.25 5.41766 14.8995 3 12 3C9.10051 3 6.75 5.41766 6.75 8.4C6.75 11.3823 9.10051 13.8 12 13.8Z"></path></svg></span><a class="fect-link" style="--link-color: inherit; --link-hover-color: inherit; --link-radius: 6px; --link-bg-color: rgba(0, 112, 243, 0.1); --link-font-size: inherit; --link-width: fit-content; --link-height: auto; --link-pt: 0; --link-pr: 0; --link-pb: 0; --link-pl: 0; --link-mt: 0; --link-mr: 0; --link-mb: 0; --link-ml: 0; --link-block-pt: calc(0.268 * 16px); --link-block-pr: calc(0.5625 * 16px); --link-block-pb: calc(0.268 * 16px); --link-block-pl: calc(0.5625 * 16px);" href="https://www.fect-org.com/">www.fect-org.com</a></div>
    </header>
    <div class="fect-image" style="--image-radius: 6px; --image-width: 540px; --image-height: 246px; --image-pt: 0; --image-pr: 0; --image-pb: 0; --image-pl: 0; --image-mt: 0; --image-mr: 0; --image-mb: 0; --image-ml: 0;"><img src=""></div>
  </div>
</div>"
`;

exports[`ImageBrowser should render empty when title and url is empty 1`] = `
"<div classs="container">
  <div class="fect-browser" style="--browser-shadow: 0 30px 60px rgba(0, 0, 0, 0.12); --browser-radius: 6px; --browser-gap-half: 8pt; --browser-color: #000; --browser-bar-bg-color: #fff; --browser-border: #eaeaea; --browser-input-bg-color: #fafafa; --browser-title-color: #666; --browser-font-size: calc(1 * 16px); --browser-width: max-content; --browser-height: auto; --browser-pt: 0; --browser-pr: 0; --browser-pb: 0; --browser-pl: 0; --browser-mt: 0; --browser-mr: auto; --browser-mb: 0; --browser-ml: auto;">
    <header class="fect-browser__traffic">
      <div class="traffic__content"><span class="close" role="browser-close"></span><span class="mini" role="browser-mini"></span><span class="full" role="browser-full"></span></div>
      <!---->
    </header>
    <div class="fect-image" style="--image-radius: 6px; --image-width: 540px; --image-height: 246px; --image-pt: 0; --image-pr: 0; --image-pb: 0; --image-pl: 0; --image-mt: 0; --image-mr: 0; --image-mb: 0; --image-ml: 0;"><img src=""></div>
  </div>
</div>"
`;
