// Jest Snapshot v1, https://goo.gl/fbAQLP

exports[`BreadcrumbsItem when component have not to or href,it should render as span 1`] = `<nav class="fect-breadcrumbs" style="font-size: 16px;"><span class="fect-breadcrumbs__item"><!----><div class="fect-breadcrumbs__separator">/</div></span></nav>`;
