// Jest Snapshot v1, https://goo.gl/fbAQLP

exports[`Loading should be render as element 1`] = `<div class="fect-loading"><span class="loading"><i class="default medium"></i><i class="default medium"></i><i class="default medium"></i></span></div>`;

exports[`Loading should be support different sizes 1`] = `
<div class="fect-loading"><span class="loading"><i class="default mini"></i><i class="default mini"></i><i class="default mini"></i></span></div>
<div class="fect-loading"><span class="loading"><i class="default small"></i><i class="default small"></i><i class="default small"></i></span></div>
<div class="fect-loading"><span class="loading"><i class="default medium"></i><i class="default medium"></i><i class="default medium"></i></span></div>
<div class="fect-loading"><span class="loading"><i class="default large"></i><i class="default large"></i><i class="default large"></i></span></div>
`;

exports[`Loading should be support loadType 1`] = `<div class="fect-loading"><span class="loading"><i class="loading__cube default medium"></i><i class="loading__cube default medium"></i><i class="loading__cube default medium"></i><i class="loading__cube default medium"></i></span></div>`;

exports[`Loading should be support loadType 2`] = `<div class="fect-loading"><span class="loading"><i class="loading__wave default medium"></i><i class="loading__wave default medium"></i><i class="loading__wave default medium"></i><i class="loading__wave default medium"></i><i class="loading__wave default medium"></i></span></div>`;

exports[`Loading should be support types 1`] = `
<div class="fect-loading"><span class="loading"><i class="default medium"></i><i class="default medium"></i><i class="default medium"></i></span></div>
<div class="fect-loading"><span class="loading"><i class="success medium"></i><i class="success medium"></i><i class="success medium"></i></span></div>
<div class="fect-loading"><span class="loading"><i class="warning medium"></i><i class="warning medium"></i><i class="warning medium"></i></span></div>
<div class="fect-loading"><span class="loading"><i class="error medium"></i><i class="error medium"></i><i class="error medium"></i></span></div>
`;

exports[`Loading should be support use custom color 1`] = `<div class="fect-loading"><span class="loading"><i class="default medium" style="background: pink;"></i><i class="default medium" style="background: pink;"></i><i class="default medium" style="background: pink;"></i></span></div>`;
