// Jest Snapshot v1, https://goo.gl/fbAQLP

exports[`Card should be render as a element 1`] = `
"<div class="fect-card">
  <div class="fect-card__content">
    <!---->
  </div>
</div>"
`;

exports[`Card should support render different state component 1`] = `
"<div class="container">
  <div class="fect-card">
    <div class="fect-card__content">Normalize Card</div>
  </div>
  <div class="fect-card fect-card--hoverable">
    <div class="fect-card__content">Hoverable Card</div>
  </div>
  <div class="fect-card fect-card--shadow">
    <div class="fect-card__content">Shadow Card</div>
  </div>
  <div class="fect-card fect-card--shadow fect-card--hoverable">
    <div class="fect-card__content">Hoverable and Shadow Card</div>
  </div>
</div>"
`;
