// Jest Snapshot v1, https://goo.gl/fbAQLP

exports[`Avatar img 1`] = `"<div class="fect-avatar" style="--avatar-border-color: #eaeaea; --avatar-bg-color: #fff; --avatar-radius: 6px; --avatar-size: calc(1.75 * 16px); --avatar-pt: 0; --avatar-pr: 0; --avatar-pb: 0; --avatar-pl: 0; --avatar-mt: 0; --avatar-mr: 0; --avatar-mb: 0; --avatar-ml: 0; --avatar-font-size: calc(1 * 16px);"><img src="http://img.com" draggable="false"></div>"`;

exports[`Avatar safe text 1`] = `"<div class="fect-avatar" style="--avatar-border-color: #eaeaea; --avatar-bg-color: #fff; --avatar-radius: 6px; --avatar-size: calc(1.75 * 16px); --avatar-pt: 0; --avatar-pr: 0; --avatar-pb: 0; --avatar-pl: 0; --avatar-mt: 0; --avatar-mr: 0; --avatar-mb: 0; --avatar-ml: 0; --avatar-font-size: calc(1 * 16px);"><span class="fect-avatar__text"></span></div>"`;

exports[`Avatar scale 1`] = `"<div class="fect-avatar" style="--avatar-border-color: #eaeaea; --avatar-bg-color: #fff; --avatar-radius: 6px; --avatar-size: calc(1.75 * 16px); --avatar-pt: 0; --avatar-pr: 0; --avatar-pb: 0; --avatar-pl: 0; --avatar-mt: 0; --avatar-mr: 0; --avatar-mb: 0; --avatar-ml: 0; --avatar-font-size: calc(1 * 16px);"><span class="fect-avatar__text">S</span></div>"`;

exports[`Avatar square 1`] = `"<div class="fect-avatar fect-avatar--square" style="--avatar-border-color: #eaeaea; --avatar-bg-color: #fff; --avatar-radius: 6px; --avatar-size: calc(1.75 * 16px); --avatar-pt: 0; --avatar-pr: 0; --avatar-pb: 0; --avatar-pl: 0; --avatar-mt: 0; --avatar-mr: 0; --avatar-mb: 0; --avatar-ml: 0; --avatar-font-size: calc(1 * 16px);"><span class="fect-avatar__text"></span></div>"`;

exports[`Avatar stacked 1`] = `"<div class="fect-avatar fect-avatar--stacked" style="--avatar-border-color: #eaeaea; --avatar-bg-color: #fff; --avatar-radius: 6px; --avatar-size: calc(1.75 * 16px); --avatar-pt: 0; --avatar-pr: 0; --avatar-pb: 0; --avatar-pl: 0; --avatar-mt: 0; --avatar-mr: 0; --avatar-mb: 0; --avatar-ml: calc(-0.625 * 16px); --avatar-font-size: calc(1 * 16px);"><span class="fect-avatar__text"></span></div>"`;

exports[`Avatar text 1`] = `"<div class="fect-avatar" style="--avatar-border-color: #eaeaea; --avatar-bg-color: #fff; --avatar-radius: 6px; --avatar-size: calc(1.75 * 16px); --avatar-pt: 0; --avatar-pr: 0; --avatar-pb: 0; --avatar-pl: 0; --avatar-mt: 0; --avatar-mr: 0; --avatar-mb: 0; --avatar-ml: 0; --avatar-font-size: calc(1 * 16px);"><span class="fect-avatar__text">kan</span></div>"`;
