// Jest Snapshot v1, https://goo.gl/fbAQLP

exports[`ButtonIcon icon 1`] = `
"<button class="fect-button fect-button--default" style="--button-height: calc(2.5 * 16px); --button-min-width: calc(10.5 * 16px); --button-radius: 6px; --button-font-size: calc(0.875 * 16px); --button-shadow: 0 5px 10px rgba(0, 0, 0, 0.12); --button-shadow-hover: 0 8px 30px rgba(0, 0, 0, 0.12); --button-pt: 0; --button-pr: calc(1.375 * 16px); --button-pb: 0; --button-pl: calc(1.375 * 16px); --button-mt: 0; --button-mr: 0; --button-mb: 0; --button-ml: 0; --button-bg-color: #fff; --button-border-color: #eaeaea; --button-color: #666; --button-hover-bg-color: #fff; --button-hover-border-color: #000; --button-hover-color: #000;" type="button">
  <!---->
  <!---->
  <div class="fect-button__icon" style="left: 15%; transform: translateY(-50%);"><svg width="24" height="24" fill="none" stroke="currentColor" stroke-linecap="round" stroke-linejoin="round" stroke-width="1.5" shape-rendering="geometricPrecision" style="" viewBox="0 0 24 24">
      <path d="M9 19c-5 1.5-5-2.5-7-3m14 6v-3.87a3.37 3.37 0 0 0-.94-2.61c3.14-.35 6.44-1.54 6.44-7A5.44 5.44 0 0 0 20 4.77 5.07 5.07 0 0 0 19.91 1S18.73.65 16 2.48a13.38 13.38 0 0 0-7 0C6.27.65 5.09 1 5.09 1A5.07 5.07 0 0 0 5 4.77a5.44 5.44 0 0 0-1.5 3.78c0 5.42 3.3 6.61 6.44 7A3.37 3.37 0 0 0 9 18.13V22"></path>
    </svg></div>
  <div class="fect-button__text">Action</div>
</button>"
`;
